127.0.0.1 - - [07/May/2015:00:11:24 -0700] "GET / HTTP/1.1" 404 994
0:0:0:0:0:0:0:1 - - [07/May/2015:00:11:25 -0700] "GET /LinkedinServicesClient/View/Login.jsp HTTP/1.1" 200 5102
127.0.0.1 - - [07/May/2015:00:11:34 -0700] "POST /LinkedinServices/services/Service HTTP/1.0" 200 353
127.0.0.1 - - [07/May/2015:00:11:34 -0700] "POST /LinkedinServices/services/Service HTTP/1.0" 200 366
0:0:0:0:0:0:0:1 - - [07/May/2015:00:11:34 -0700] "POST /LinkedinServicesClient/View/signin HTTP/1.1" 302 -
0:0:0:0:0:0:0:1 - - [07/May/2015:00:11:35 -0700] "GET /LinkedinServicesClient/View/createProfile.jsp HTTP/1.1" 200 2076
127.0.0.1 - - [07/May/2015:00:11:38 -0700] "POST /LinkedinServices/services/Service HTTP/1.0" 200 476
0:0:0:0:0:0:0:1 - - [07/May/2015:00:11:39 -0700] "POST /LinkedinServicesClient/View/searchUser HTTP/1.1" 200 391
127.0.0.1 - - [07/May/2015:00:14:27 -0700] "GET / HTTP/1.1" 404 994
0:0:0:0:0:0:0:1 - - [07/May/2015:00:14:27 -0700] "GET /LinkedinServicesClient/View/Login.jsp HTTP/1.1" 200 5102
127.0.0.1 - - [07/May/2015:00:14:37 -0700] "POST /LinkedinServices/services/Service HTTP/1.0" 200 353
127.0.0.1 - - [07/May/2015:00:14:37 -0700] "POST /LinkedinServices/services/Service HTTP/1.0" 200 366
0:0:0:0:0:0:0:1 - - [07/May/2015:00:14:37 -0700] "POST /LinkedinServicesClient/View/signin HTTP/1.1" 302 -
0:0:0:0:0:0:0:1 - - [07/May/2015:00:14:37 -0700] "GET /LinkedinServicesClient/View/createProfile.jsp HTTP/1.1" 200 2076
127.0.0.1 - - [07/May/2015:00:14:42 -0700] "POST /LinkedinServices/services/Service HTTP/1.0" 200 476
0:0:0:0:0:0:0:1 - - [07/May/2015:00:14:42 -0700] "POST /LinkedinServicesClient/View/searchUser HTTP/1.1" 200 390
127.0.0.1 - - [07/May/2015:00:15:26 -0700] "GET / HTTP/1.1" 404 994
0:0:0:0:0:0:0:1 - - [07/May/2015:00:15:26 -0700] "GET /LinkedinServicesClient/View/Login.jsp HTTP/1.1" 200 5102
127.0.0.1 - - [07/May/2015:00:15:37 -0700] "POST /LinkedinServices/services/Service HTTP/1.0" 200 353
127.0.0.1 - - [07/May/2015:00:15:37 -0700] "POST /LinkedinServices/services/Service HTTP/1.0" 200 366
0:0:0:0:0:0:0:1 - - [07/May/2015:00:15:37 -0700] "POST /LinkedinServicesClient/View/signin HTTP/1.1" 302 -
0:0:0:0:0:0:0:1 - - [07/May/2015:00:15:37 -0700] "GET /LinkedinServicesClient/View/createProfile.jsp HTTP/1.1" 200 2076
127.0.0.1 - - [07/May/2015:00:15:41 -0700] "POST /LinkedinServices/services/Service HTTP/1.0" 200 476
0:0:0:0:0:0:0:1 - - [07/May/2015:00:15:42 -0700] "POST /LinkedinServicesClient/View/searchUser HTTP/1.1" 200 405
127.0.0.1 - - [07/May/2015:00:18:58 -0700] "GET / HTTP/1.1" 404 994
0:0:0:0:0:0:0:1 - - [07/May/2015:00:18:59 -0700] "GET /LinkedinServicesClient/View/Login.jsp HTTP/1.1" 200 5102
127.0.0.1 - - [07/May/2015:00:19:09 -0700] "POST /LinkedinServices/services/Service HTTP/1.0" 200 353
127.0.0.1 - - [07/May/2015:00:19:09 -0700] "POST /LinkedinServices/services/Service HTTP/1.0" 200 366
0:0:0:0:0:0:0:1 - - [07/May/2015:00:19:09 -0700] "POST /LinkedinServicesClient/View/signin HTTP/1.1" 302 -
0:0:0:0:0:0:0:1 - - [07/May/2015:00:19:10 -0700] "GET /LinkedinServicesClient/View/createProfile.jsp HTTP/1.1" 200 2154
127.0.0.1 - - [07/May/2015:11:59:23 -0700] "GET / HTTP/1.1" 404 994
127.0.0.1 - - [07/May/2015:11:59:27 -0700] "GET /LinkedinServicesClient/sampleServiceProxy/Result.jsp HTTP/1.1" 200 118
127.0.0.1 - - [07/May/2015:11:59:27 -0700] "GET /LinkedinServicesClient/sampleServiceProxy/Method.jsp HTTP/1.1" 200 1849
127.0.0.1 - - [07/May/2015:11:59:28 -0700] "GET /LinkedinServicesClient/sampleServiceProxy/Input.jsp HTTP/1.1" 200 127
127.0.0.1 - - [07/May/2015:11:59:28 -0700] "GET /LinkedinServicesClient/sampleServiceProxy/TestClient.jsp HTTP/1.1" 200 586
0:0:0:0:0:0:0:1 - - [07/May/2015:11:59:29 -0700] "GET /LinkedinServicesClient/sampleServiceProxy/TestClient.jsp HTTP/1.1" 200 586
0:0:0:0:0:0:0:1 - - [07/May/2015:11:59:29 -0700] "GET /LinkedinServicesClient/sampleServiceProxy/Method.jsp HTTP/1.1" 200 1849
0:0:0:0:0:0:0:1 - - [07/May/2015:11:59:29 -0700] "GET /LinkedinServicesClient/sampleServiceProxy/Input.jsp HTTP/1.1" 200 127
0:0:0:0:0:0:0:1 - - [07/May/2015:11:59:30 -0700] "GET /LinkedinServicesClient/sampleServiceProxy/Result.jsp? HTTP/1.1" 200 118
0:0:0:0:0:0:0:1 - - [07/May/2015:11:59:40 -0700] "GET /LinkedinServicesClient/sampleServiceProxy/Input.jsp?method=42 HTTP/1.1" 200 438
0:0:0:0:0:0:0:1 - - [07/May/2015:12:00:00 -0700] "GET /LinkedinServicesClient/sampleServiceProxy/Input.jsp?method=163 HTTP/1.1" 200 579
127.0.0.1 - - [07/May/2015:12:00:51 -0700] "POST /LinkedinServices/services/Service HTTP/1.0" 200 385
0:0:0:0:0:0:0:1 - - [07/May/2015:12:00:51 -0700] "POST /LinkedinServicesClient/sampleServiceProxy/Result.jsp HTTP/1.1" 200 123
127.0.0.1 - - [07/May/2015:12:04:30 -0700] "GET / HTTP/1.1" 404 994
127.0.0.1 - - [07/May/2015:12:04:34 -0700] "GET /LinkedinServicesClient/sampleServiceProxy/Result.jsp HTTP/1.1" 200 118
127.0.0.1 - - [07/May/2015:12:04:34 -0700] "GET /LinkedinServicesClient/sampleServiceProxy/Method.jsp HTTP/1.1" 200 1849
127.0.0.1 - - [07/May/2015:12:04:34 -0700] "GET /LinkedinServicesClient/sampleServiceProxy/Input.jsp HTTP/1.1" 200 127
127.0.0.1 - - [07/May/2015:12:04:34 -0700] "GET /LinkedinServicesClient/sampleServiceProxy/TestClient.jsp HTTP/1.1" 200 586
0:0:0:0:0:0:0:1 - - [07/May/2015:12:04:35 -0700] "GET /LinkedinServicesClient/sampleServiceProxy/TestClient.jsp HTTP/1.1" 200 586
0:0:0:0:0:0:0:1 - - [07/May/2015:12:04:35 -0700] "GET /LinkedinServicesClient/sampleServiceProxy/Method.jsp HTTP/1.1" 200 1849
0:0:0:0:0:0:0:1 - - [07/May/2015:12:04:35 -0700] "GET /LinkedinServicesClient/sampleServiceProxy/Input.jsp HTTP/1.1" 200 127
0:0:0:0:0:0:0:1 - - [07/May/2015:12:04:35 -0700] "GET /LinkedinServicesClient/sampleServiceProxy/Result.jsp? HTTP/1.1" 200 118
0:0:0:0:0:0:0:1 - - [07/May/2015:12:05:04 -0700] "GET /LinkedinServicesClient/sampleServiceProxy/Input.jsp?method=163 HTTP/1.1" 200 579
127.0.0.1 - - [07/May/2015:12:05:19 -0700] "POST /LinkedinServices/services/Service HTTP/1.0" 200 389
0:0:0:0:0:0:0:1 - - [07/May/2015:12:05:19 -0700] "POST /LinkedinServicesClient/sampleServiceProxy/Result.jsp HTTP/1.1" 200 127
0:0:0:0:0:0:0:1 - - [07/May/2015:12:05:25 -0700] "GET /LinkedinServicesClient/sampleServiceProxy/Input.jsp?method=42 HTTP/1.1" 200 438
127.0.0.1 - - [07/May/2015:12:05:32 -0700] "POST /LinkedinServices/services/Service HTTP/1.0" 200 315
0:0:0:0:0:0:0:1 - - [07/May/2015:12:05:32 -0700] "POST /LinkedinServicesClient/sampleServiceProxy/Result.jsp HTTP/1.1" 200 111
127.0.0.1 - - [07/May/2015:12:06:51 -0700] "GET / HTTP/1.1" 404 994
127.0.0.1 - - [07/May/2015:12:06:53 -0700] "GET /LinkedinServicesClient/sampleServiceProxy/Result.jsp HTTP/1.1" 200 118
127.0.0.1 - - [07/May/2015:12:06:53 -0700] "GET /LinkedinServicesClient/sampleServiceProxy/Method.jsp HTTP/1.1" 200 1849
127.0.0.1 - - [07/May/2015:12:06:54 -0700] "GET /LinkedinServicesClient/sampleServiceProxy/Input.jsp HTTP/1.1" 200 127
127.0.0.1 - - [07/May/2015:12:06:54 -0700] "GET /LinkedinServicesClient/sampleServiceProxy/TestClient.jsp HTTP/1.1" 200 586
0:0:0:0:0:0:0:1 - - [07/May/2015:12:06:54 -0700] "GET /LinkedinServicesClient/sampleServiceProxy/TestClient.jsp HTTP/1.1" 200 586
0:0:0:0:0:0:0:1 - - [07/May/2015:12:06:54 -0700] "GET /LinkedinServicesClient/sampleServiceProxy/Method.jsp HTTP/1.1" 200 1849
0:0:0:0:0:0:0:1 - - [07/May/2015:12:06:54 -0700] "GET /LinkedinServicesClient/sampleServiceProxy/Input.jsp HTTP/1.1" 200 127
0:0:0:0:0:0:0:1 - - [07/May/2015:12:06:54 -0700] "GET /LinkedinServicesClient/sampleServiceProxy/Result.jsp? HTTP/1.1" 200 118
0:0:0:0:0:0:0:1 - - [07/May/2015:12:06:57 -0700] "GET /LinkedinServicesClient/sampleServiceProxy/Input.jsp?method=42 HTTP/1.1" 200 438
127.0.0.1 - - [07/May/2015:12:07:05 -0700] "POST /LinkedinServices/services/Service HTTP/1.0" 200 315
0:0:0:0:0:0:0:1 - - [07/May/2015:12:07:05 -0700] "POST /LinkedinServicesClient/sampleServiceProxy/Result.jsp HTTP/1.1" 200 111
127.0.0.1 - - [07/May/2015:12:07:21 -0700] "POST /LinkedinServices/services/Service HTTP/1.0" 200 511
0:0:0:0:0:0:0:1 - - [07/May/2015:12:07:21 -0700] "POST /LinkedinServicesClient/sampleServiceProxy/Result.jsp HTTP/1.1" 200 145
127.0.0.1 - - [07/May/2015:12:09:22 -0700] "GET / HTTP/1.1" 404 994
127.0.0.1 - - [07/May/2015:12:09:25 -0700] "GET /LinkedinServicesClient/sampleServiceProxy/Result.jsp HTTP/1.1" 200 118
127.0.0.1 - - [07/May/2015:12:09:25 -0700] "GET /LinkedinServicesClient/sampleServiceProxy/Method.jsp HTTP/1.1" 200 1849
127.0.0.1 - - [07/May/2015:12:09:25 -0700] "GET /LinkedinServicesClient/sampleServiceProxy/Input.jsp HTTP/1.1" 200 127
127.0.0.1 - - [07/May/2015:12:09:25 -0700] "GET /LinkedinServicesClient/sampleServiceProxy/TestClient.jsp HTTP/1.1" 200 586
0:0:0:0:0:0:0:1 - - [07/May/2015:12:09:25 -0700] "GET /LinkedinServicesClient/sampleServiceProxy/TestClient.jsp HTTP/1.1" 200 586
0:0:0:0:0:0:0:1 - - [07/May/2015:12:09:25 -0700] "GET /LinkedinServicesClient/sampleServiceProxy/Method.jsp HTTP/1.1" 200 1849
0:0:0:0:0:0:0:1 - - [07/May/2015:12:09:25 -0700] "GET /LinkedinServicesClient/sampleServiceProxy/Input.jsp HTTP/1.1" 200 127
0:0:0:0:0:0:0:1 - - [07/May/2015:12:09:25 -0700] "GET /LinkedinServicesClient/sampleServiceProxy/Result.jsp? HTTP/1.1" 200 118
0:0:0:0:0:0:0:1 - - [07/May/2015:12:10:08 -0700] "GET /LinkedinServicesClient/sampleServiceProxy/Input.jsp?method=163 HTTP/1.1" 200 579
127.0.0.1 - - [07/May/2015:12:10:22 -0700] "POST /LinkedinServices/services/Service HTTP/1.0" 200 389
0:0:0:0:0:0:0:1 - - [07/May/2015:12:10:22 -0700] "POST /LinkedinServicesClient/sampleServiceProxy/Result.jsp HTTP/1.1" 200 127
127.0.0.1 - - [07/May/2015:12:10:33 -0700] "POST /LinkedinServices/services/Service HTTP/1.0" 200 389
0:0:0:0:0:0:0:1 - - [07/May/2015:12:10:33 -0700] "POST /LinkedinServicesClient/sampleServiceProxy/Result.jsp HTTP/1.1" 200 127
127.0.0.1 - - [07/May/2015:12:10:40 -0700] "POST /LinkedinServices/services/Service HTTP/1.0" 200 389
0:0:0:0:0:0:0:1 - - [07/May/2015:12:10:40 -0700] "POST /LinkedinServicesClient/sampleServiceProxy/Result.jsp HTTP/1.1" 200 127
0:0:0:0:0:0:0:1 - - [07/May/2015:12:10:45 -0700] "GET /LinkedinServicesClient/sampleServiceProxy/Input.jsp?method=42 HTTP/1.1" 200 438
127.0.0.1 - - [07/May/2015:12:10:49 -0700] "POST /LinkedinServices/services/Service HTTP/1.0" 200 1018
0:0:0:0:0:0:0:1 - - [07/May/2015:12:10:49 -0700] "POST /LinkedinServicesClient/sampleServiceProxy/Result.jsp HTTP/1.1" 200 211
127.0.0.1 - - [07/May/2015:12:28:25 -0700] "GET / HTTP/1.1" 404 994
127.0.0.1 - - [07/May/2015:12:28:26 -0700] "GET /LinkedinServicesClient/sampleServiceProxy/Result.jsp HTTP/1.1" 200 118
127.0.0.1 - - [07/May/2015:12:28:26 -0700] "GET /LinkedinServicesClient/sampleServiceProxy/Method.jsp HTTP/1.1" 200 1849
127.0.0.1 - - [07/May/2015:12:28:26 -0700] "GET /LinkedinServicesClient/sampleServiceProxy/Input.jsp HTTP/1.1" 200 127
127.0.0.1 - - [07/May/2015:12:28:26 -0700] "GET /LinkedinServicesClient/sampleServiceProxy/TestClient.jsp HTTP/1.1" 200 586
0:0:0:0:0:0:0:1 - - [07/May/2015:12:28:27 -0700] "GET /LinkedinServicesClient/sampleServiceProxy/TestClient.jsp HTTP/1.1" 200 586
0:0:0:0:0:0:0:1 - - [07/May/2015:12:28:27 -0700] "GET /LinkedinServicesClient/sampleServiceProxy/Method.jsp HTTP/1.1" 200 1849
0:0:0:0:0:0:0:1 - - [07/May/2015:12:28:27 -0700] "GET /LinkedinServicesClient/sampleServiceProxy/Input.jsp HTTP/1.1" 200 127
0:0:0:0:0:0:0:1 - - [07/May/2015:12:28:27 -0700] "GET /LinkedinServicesClient/sampleServiceProxy/Result.jsp? HTTP/1.1" 200 118
127.0.0.1 - - [07/May/2015:12:30:15 -0700] "GET / HTTP/1.1" 404 994
127.0.0.1 - - [07/May/2015:12:30:17 -0700] "GET /LinkedinServicesClient/sampleServiceProxy/Result.jsp HTTP/1.1" 200 118
127.0.0.1 - - [07/May/2015:12:30:17 -0700] "GET /LinkedinServicesClient/sampleServiceProxy/Method.jsp HTTP/1.1" 200 2105
127.0.0.1 - - [07/May/2015:12:30:18 -0700] "GET /LinkedinServicesClient/sampleServiceProxy/Input.jsp HTTP/1.1" 200 127
127.0.0.1 - - [07/May/2015:12:30:18 -0700] "GET /LinkedinServicesClient/sampleServiceProxy/TestClient.jsp HTTP/1.1" 200 586
0:0:0:0:0:0:0:1 - - [07/May/2015:12:30:18 -0700] "GET /LinkedinServicesClient/sampleServiceProxy/TestClient.jsp HTTP/1.1" 200 586
0:0:0:0:0:0:0:1 - - [07/May/2015:12:30:18 -0700] "GET /LinkedinServicesClient/sampleServiceProxy/Method.jsp HTTP/1.1" 200 2105
0:0:0:0:0:0:0:1 - - [07/May/2015:12:30:18 -0700] "GET /LinkedinServicesClient/sampleServiceProxy/Input.jsp HTTP/1.1" 200 127
0:0:0:0:0:0:0:1 - - [07/May/2015:12:30:18 -0700] "GET /LinkedinServicesClient/sampleServiceProxy/Result.jsp? HTTP/1.1" 200 118
0:0:0:0:0:0:0:1 - - [07/May/2015:12:30:26 -0700] "GET /LinkedinServicesClient/sampleServiceProxy/Input.jsp?method=170 HTTP/1.1" 200 452
127.0.0.1 - - [07/May/2015:12:30:34 -0700] "POST /LinkedinServices/services/Service HTTP/1.0" 200 431
0:0:0:0:0:0:0:1 - - [07/May/2015:12:30:34 -0700] "POST /LinkedinServicesClient/sampleServiceProxy/Result.jsp HTTP/1.1" 200 161
127.0.0.1 - - [07/May/2015:12:30:48 -0700] "POST /LinkedinServices/services/Service HTTP/1.0" 200 431
0:0:0:0:0:0:0:1 - - [07/May/2015:12:30:48 -0700] "POST /LinkedinServicesClient/sampleServiceProxy/Result.jsp HTTP/1.1" 200 161
0:0:0:0:0:0:0:1 - - [07/May/2015:12:30:55 -0700] "GET /LinkedinServicesClient/sampleServiceProxy/Input.jsp?method=180 HTTP/1.1" 200 440
127.0.0.1 - - [07/May/2015:12:31:02 -0700] "POST /LinkedinServices/services/Service HTTP/1.0" 200 316
0:0:0:0:0:0:0:1 - - [07/May/2015:12:31:02 -0700] "POST /LinkedinServicesClient/sampleServiceProxy/Result.jsp HTTP/1.1" 200 111
0:0:0:0:0:0:0:1 - - [07/May/2015:12:31:06 -0700] "GET /LinkedinServicesClient/sampleServiceProxy/Input.jsp?method=175 HTTP/1.1" 200 452
0:0:0:0:0:0:0:1 - - [07/May/2015:12:31:40 -0700] "GET /LinkedinServicesClient/sampleServiceProxy/Input.jsp?method=170 HTTP/1.1" 200 452
127.0.0.1 - - [07/May/2015:12:31:46 -0700] "POST /LinkedinServices/services/Service HTTP/1.0" 200 431
0:0:0:0:0:0:0:1 - - [07/May/2015:12:31:46 -0700] "POST /LinkedinServicesClient/sampleServiceProxy/Result.jsp HTTP/1.1" 200 161
127.0.0.1 - - [07/May/2015:12:32:09 -0700] "POST /LinkedinServices/services/Service HTTP/1.0" 200 397
0:0:0:0:0:0:0:1 - - [07/May/2015:12:32:09 -0700] "POST /LinkedinServicesClient/sampleServiceProxy/Result.jsp HTTP/1.1" 200 127
127.0.0.1 - - [07/May/2015:12:32:14 -0700] "POST /LinkedinServices/services/Service HTTP/1.0" 200 397
0:0:0:0:0:0:0:1 - - [07/May/2015:12:32:14 -0700] "POST /LinkedinServicesClient/sampleServiceProxy/Result.jsp HTTP/1.1" 200 127
0:0:0:0:0:0:0:1 - - [07/May/2015:12:32:16 -0700] "GET /LinkedinServicesClient/sampleServiceProxy/Input.jsp?method=180 HTTP/1.1" 200 440
127.0.0.1 - - [07/May/2015:12:32:42 -0700] "POST /LinkedinServices/services/Service HTTP/1.0" 200 316
0:0:0:0:0:0:0:1 - - [07/May/2015:12:32:42 -0700] "POST /LinkedinServicesClient/sampleServiceProxy/Result.jsp HTTP/1.1" 200 111
127.0.0.1 - - [07/May/2015:12:32:46 -0700] "POST /LinkedinServices/services/Service HTTP/1.0" 200 693
0:0:0:0:0:0:0:1 - - [07/May/2015:12:32:46 -0700] "POST /LinkedinServicesClient/sampleServiceProxy/Result.jsp HTTP/1.1" 200 166
127.0.0.1 - - [07/May/2015:15:55:01 -0700] "GET / HTTP/1.1" 404 994
0:0:0:0:0:0:0:1 - - [07/May/2015:15:55:02 -0700] "GET /LinkedinServicesClient/View/Login.jsp HTTP/1.1" 200 5102
0:0:0:0:0:0:0:1 - - [07/May/2015:15:55:02 -0700] "GET /LinkedinServicesClient/resources/images/linkedin2.jpg HTTP/1.1" 304 -
0:0:0:0:0:0:0:1 - - [07/May/2015:15:55:02 -0700] "GET /LinkedinServicesClient/resources/images/img1.png HTTP/1.1" 304 -
0:0:0:0:0:0:0:1 - - [07/May/2015:15:55:02 -0700] "GET /LinkedinServicesClient/resources/images/img2.png HTTP/1.1" 304 -
0:0:0:0:0:0:0:1 - - [07/May/2015:15:55:02 -0700] "GET /LinkedinServicesClient/resources/images/img4.png HTTP/1.1" 304 -
0:0:0:0:0:0:0:1 - - [07/May/2015:15:55:02 -0700] "GET /LinkedinServicesClient/resources/images/img3.png HTTP/1.1" 304 -
0:0:0:0:0:0:0:1 - - [07/May/2015:15:55:03 -0700] "GET /LinkedinServicesClient/resources/images/img5.png HTTP/1.1" 304 -
0:0:0:0:0:0:0:1 - - [07/May/2015:15:55:03 -0700] "GET /LinkedinServicesClient/resources/images/img6.png HTTP/1.1" 304 -
0:0:0:0:0:0:0:1 - - [07/May/2015:15:55:17 -0700] "GET /LinkedinServicesClient/View/Login.jsp HTTP/1.1" 200 5102
0:0:0:0:0:0:0:1 - - [07/May/2015:15:55:17 -0700] "GET /LinkedinServicesClient/resources/images/linkedin2.jpg HTTP/1.1" 304 -
0:0:0:0:0:0:0:1 - - [07/May/2015:15:55:17 -0700] "GET /LinkedinServicesClient/resources/images/img1.png HTTP/1.1" 304 -
0:0:0:0:0:0:0:1 - - [07/May/2015:15:55:17 -0700] "GET /LinkedinServicesClient/resources/images/img2.png HTTP/1.1" 304 -
0:0:0:0:0:0:0:1 - - [07/May/2015:15:55:17 -0700] "GET /LinkedinServicesClient/resources/images/img4.png HTTP/1.1" 304 -
0:0:0:0:0:0:0:1 - - [07/May/2015:15:55:17 -0700] "GET /LinkedinServicesClient/resources/images/img5.png HTTP/1.1" 304 -
0:0:0:0:0:0:0:1 - - [07/May/2015:15:55:17 -0700] "GET /LinkedinServicesClient/resources/images/img3.png HTTP/1.1" 304 -
0:0:0:0:0:0:0:1 - - [07/May/2015:15:55:17 -0700] "GET /LinkedinServicesClient/resources/images/img6.png HTTP/1.1" 304 -
0:0:0:0:0:0:0:1 - - [07/May/2015:15:55:17 -0700] "GET /favicon.ico HTTP/1.1" 404 1016
127.0.0.1 - - [07/May/2015:15:55:33 -0700] "POST /LinkedinServices/services/Service HTTP/1.0" 200 353
127.0.0.1 - - [07/May/2015:15:55:33 -0700] "POST /LinkedinServices/services/Service HTTP/1.0" 200 366
0:0:0:0:0:0:0:1 - - [07/May/2015:15:55:33 -0700] "POST /LinkedinServicesClient/View/signin HTTP/1.1" 302 -
0:0:0:0:0:0:0:1 - - [07/May/2015:15:55:33 -0700] "GET /LinkedinServicesClient/View/createProfile.jsp HTTP/1.1" 200 2154
127.0.0.1 - - [07/May/2015:15:55:39 -0700] "POST /LinkedinServices/services/Service HTTP/1.0" 200 476
0:0:0:0:0:0:0:1 - - [07/May/2015:15:55:40 -0700] "POST /LinkedinServicesClient/View/searchUser HTTP/1.1" 200 960
127.0.0.1 - - [07/May/2015:15:57:41 -0700] "GET / HTTP/1.1" 404 994
0:0:0:0:0:0:0:1 - - [07/May/2015:15:57:41 -0700] "GET /LinkedinServicesClient/View/Login.jsp HTTP/1.1" 200 5102
0:0:0:0:0:0:0:1 - - [07/May/2015:15:57:48 -0700] "GET /LinkedinServicesClient/View/Login.jsp HTTP/1.1" 200 5102
127.0.0.1 - - [07/May/2015:15:58:02 -0700] "POST /LinkedinServices/services/Service HTTP/1.0" 200 353
127.0.0.1 - - [07/May/2015:15:58:02 -0700] "POST /LinkedinServices/services/Service HTTP/1.0" 200 366
0:0:0:0:0:0:0:1 - - [07/May/2015:15:58:02 -0700] "POST /LinkedinServicesClient/View/signin HTTP/1.1" 302 -
0:0:0:0:0:0:0:1 - - [07/May/2015:15:58:02 -0700] "GET /LinkedinServicesClient/View/createProfile.jsp HTTP/1.1" 200 2154
127.0.0.1 - - [07/May/2015:15:58:09 -0700] "POST /LinkedinServices/services/Service HTTP/1.0" 200 476
0:0:0:0:0:0:0:1 - - [07/May/2015:15:58:09 -0700] "POST /LinkedinServicesClient/View/searchUser HTTP/1.1" 200 960
0:0:0:0:0:0:0:1 - - [07/May/2015:15:58:17 -0700] "POST /LinkedinServicesClient/View/sendInvitation HTTP/1.1" 200 -
127.0.0.1 - - [07/May/2015:16:13:19 -0700] "GET / HTTP/1.1" 404 994
0:0:0:0:0:0:0:1 - - [07/May/2015:16:13:20 -0700] "GET /LinkedinServicesClient/View/Login.jsp HTTP/1.1" 200 5102
127.0.0.1 - - [07/May/2015:16:13:33 -0700] "POST /LinkedinServices/services/Service HTTP/1.0" 200 353
127.0.0.1 - - [07/May/2015:16:13:33 -0700] "POST /LinkedinServices/services/Service HTTP/1.0" 200 366
0:0:0:0:0:0:0:1 - - [07/May/2015:16:13:33 -0700] "POST /LinkedinServicesClient/View/signin HTTP/1.1" 302 -
0:0:0:0:0:0:0:1 - - [07/May/2015:16:13:33 -0700] "GET /LinkedinServicesClient/View/createProfile.jsp HTTP/1.1" 200 2154
127.0.0.1 - - [07/May/2015:16:13:38 -0700] "POST /LinkedinServices/services/Service HTTP/1.0" 200 608
0:0:0:0:0:0:0:1 - - [07/May/2015:16:13:38 -0700] "POST /LinkedinServicesClient/View/searchUser HTTP/1.1" 200 1602
127.0.0.1 - - [07/May/2015:16:15:17 -0700] "POST /LinkedinServices/services/Service HTTP/1.0" 200 608
0:0:0:0:0:0:0:1 - - [07/May/2015:16:15:18 -0700] "POST /LinkedinServicesClient/View/searchUser HTTP/1.1" 200 -
127.0.0.1 - - [07/May/2015:16:16:13 -0700] "POST /LinkedinServices/services/Service HTTP/1.0" 200 608
0:0:0:0:0:0:0:1 - - [07/May/2015:16:16:13 -0700] "POST /LinkedinServicesClient/View/searchUser HTTP/1.1" 200 -
127.0.0.1 - - [07/May/2015:16:16:36 -0700] "GET / HTTP/1.1" 404 994
0:0:0:0:0:0:0:1 - - [07/May/2015:16:16:37 -0700] "GET /LinkedinServicesClient/View/Login.jsp HTTP/1.1" 200 5102
127.0.0.1 - - [07/May/2015:16:16:55 -0700] "POST /LinkedinServices/services/Service HTTP/1.0" 200 353
127.0.0.1 - - [07/May/2015:16:16:55 -0700] "POST /LinkedinServices/services/Service HTTP/1.0" 200 366
0:0:0:0:0:0:0:1 - - [07/May/2015:16:16:55 -0700] "POST /LinkedinServicesClient/View/signin HTTP/1.1" 302 -
0:0:0:0:0:0:0:1 - - [07/May/2015:16:16:55 -0700] "GET /LinkedinServicesClient/View/createProfile.jsp HTTP/1.1" 200 2154
127.0.0.1 - - [07/May/2015:16:17:02 -0700] "POST /LinkedinServices/services/Service HTTP/1.0" 200 608
0:0:0:0:0:0:0:1 - - [07/May/2015:16:17:02 -0700] "POST /LinkedinServicesClient/View/searchUser HTTP/1.1" 200 -
127.0.0.1 - - [07/May/2015:16:17:16 -0700] "POST /LinkedinServices/services/Service HTTP/1.0" 200 608
0:0:0:0:0:0:0:1 - - [07/May/2015:16:17:17 -0700] "POST /LinkedinServicesClient/View/searchUser HTTP/1.1" 200 1686
127.0.0.1 - - [07/May/2015:16:26:36 -0700] "GET / HTTP/1.1" 404 994
0:0:0:0:0:0:0:1 - - [07/May/2015:16:26:37 -0700] "GET /LinkedinServicesClient/View/Login.jsp HTTP/1.1" 200 5102
0:0:0:0:0:0:0:1 - - [07/May/2015:16:27:04 -0700] "GET /LinkedinServicesClient/View/Login.jsp HTTP/1.1" 200 5102
127.0.0.1 - - [07/May/2015:16:27:17 -0700] "POST /LinkedinServices/services/Service HTTP/1.0" 200 353
127.0.0.1 - - [07/May/2015:16:27:17 -0700] "POST /LinkedinServices/services/Service HTTP/1.0" 200 366
0:0:0:0:0:0:0:1 - - [07/May/2015:16:27:17 -0700] "POST /LinkedinServicesClient/View/signin HTTP/1.1" 302 -
0:0:0:0:0:0:0:1 - - [07/May/2015:16:27:17 -0700] "GET /LinkedinServicesClient/View/createProfile.jsp HTTP/1.1" 200 2154
127.0.0.1 - - [07/May/2015:16:27:23 -0700] "POST /LinkedinServices/services/Service HTTP/1.0" 200 476
0:0:0:0:0:0:0:1 - - [07/May/2015:16:27:24 -0700] "POST /LinkedinServicesClient/View/searchUser HTTP/1.1" 200 1193
0:0:0:0:0:0:0:1 - - [07/May/2015:16:27:34 -0700] "POST /LinkedinServicesClient/View/sendInvitation HTTP/1.1" 200 -
127.0.0.1 - - [07/May/2015:16:30:35 -0700] "GET / HTTP/1.1" 404 994
0:0:0:0:0:0:0:1 - - [07/May/2015:16:30:36 -0700] "GET /LinkedinServicesClient/View/Login.jsp HTTP/1.1" 200 5102
127.0.0.1 - - [07/May/2015:16:31:04 -0700] "GET / HTTP/1.1" 404 994
0:0:0:0:0:0:0:1 - - [07/May/2015:16:31:05 -0700] "GET /LinkedinServicesClient/View/Login.jsp HTTP/1.1" 200 5102
127.0.0.1 - - [07/May/2015:16:31:13 -0700] "POST /LinkedinServices/services/Service HTTP/1.0" 200 353
127.0.0.1 - - [07/May/2015:16:31:13 -0700] "POST /LinkedinServices/services/Service HTTP/1.0" 200 366
0:0:0:0:0:0:0:1 - - [07/May/2015:16:31:13 -0700] "POST /LinkedinServicesClient/View/signin HTTP/1.1" 302 -
0:0:0:0:0:0:0:1 - - [07/May/2015:16:31:13 -0700] "GET /LinkedinServicesClient/View/createProfile.jsp HTTP/1.1" 200 2154
127.0.0.1 - - [07/May/2015:16:31:18 -0700] "POST /LinkedinServices/services/Service HTTP/1.0" 200 476
0:0:0:0:0:0:0:1 - - [07/May/2015:16:31:18 -0700] "POST /LinkedinServicesClient/View/searchUser HTTP/1.1" 200 1193
0:0:0:0:0:0:0:1 - - [07/May/2015:16:31:21 -0700] "POST /LinkedinServicesClient/View/sendInvitation HTTP/1.1" 200 -
127.0.0.1 - - [07/May/2015:16:33:06 -0700] "GET / HTTP/1.1" 404 994
0:0:0:0:0:0:0:1 - - [07/May/2015:16:33:06 -0700] "GET /LinkedinServicesClient/View/Login.jsp HTTP/1.1" 200 5102
127.0.0.1 - - [07/May/2015:16:33:15 -0700] "POST /LinkedinServices/services/Service HTTP/1.0" 200 353
127.0.0.1 - - [07/May/2015:16:33:15 -0700] "POST /LinkedinServices/services/Service HTTP/1.0" 200 366
0:0:0:0:0:0:0:1 - - [07/May/2015:16:33:15 -0700] "POST /LinkedinServicesClient/View/signin HTTP/1.1" 302 -
0:0:0:0:0:0:0:1 - - [07/May/2015:16:33:15 -0700] "GET /LinkedinServicesClient/View/createProfile.jsp HTTP/1.1" 200 2154
127.0.0.1 - - [07/May/2015:16:33:19 -0700] "POST /LinkedinServices/services/Service HTTP/1.0" 200 476
0:0:0:0:0:0:0:1 - - [07/May/2015:16:33:19 -0700] "POST /LinkedinServicesClient/View/searchUser HTTP/1.1" 200 1193
0:0:0:0:0:0:0:1 - - [07/May/2015:16:33:21 -0700] "POST /LinkedinServicesClient/View/sendInvitation HTTP/1.1" 200 -
127.0.0.1 - - [07/May/2015:16:44:38 -0700] "GET / HTTP/1.1" 404 994
127.0.0.1 - - [07/May/2015:16:44:40 -0700] "GET /LinkedinServicesClient/sampleServiceProxy/Result.jsp HTTP/1.1" 200 118
127.0.0.1 - - [07/May/2015:16:44:40 -0700] "GET /LinkedinServicesClient/sampleServiceProxy/Method.jsp HTTP/1.1" 200 2105
127.0.0.1 - - [07/May/2015:16:44:40 -0700] "GET /LinkedinServicesClient/sampleServiceProxy/Input.jsp HTTP/1.1" 200 127
127.0.0.1 - - [07/May/2015:16:44:40 -0700] "GET /LinkedinServicesClient/sampleServiceProxy/TestClient.jsp HTTP/1.1" 200 586
0:0:0:0:0:0:0:1 - - [07/May/2015:16:44:41 -0700] "GET /LinkedinServicesClient/sampleServiceProxy/TestClient.jsp HTTP/1.1" 200 586
0:0:0:0:0:0:0:1 - - [07/May/2015:16:44:41 -0700] "GET /LinkedinServicesClient/sampleServiceProxy/Method.jsp HTTP/1.1" 200 2105
0:0:0:0:0:0:0:1 - - [07/May/2015:16:44:41 -0700] "GET /LinkedinServicesClient/sampleServiceProxy/Input.jsp HTTP/1.1" 200 127
0:0:0:0:0:0:0:1 - - [07/May/2015:16:44:42 -0700] "GET /LinkedinServicesClient/sampleServiceProxy/Result.jsp? HTTP/1.1" 200 118
0:0:0:0:0:0:0:1 - - [07/May/2015:16:44:53 -0700] "GET /LinkedinServicesClient/sampleServiceProxy/Input.jsp?method=163 HTTP/1.1" 200 452
0:0:0:0:0:0:0:1 - - [07/May/2015:16:44:56 -0700] "GET /LinkedinServicesClient/sampleServiceProxy/Input.jsp?method=163 HTTP/1.1" 200 452
0:0:0:0:0:0:0:1 - - [07/May/2015:16:45:01 -0700] "GET /LinkedinServicesClient/sampleServiceProxy/Input.jsp?method=175 HTTP/1.1" 200 127
0:0:0:0:0:0:0:1 - - [07/May/2015:16:45:03 -0700] "GET /LinkedinServicesClient/sampleServiceProxy/Input.jsp?method=170 HTTP/1.1" 200 127
127.0.0.1 - - [07/May/2015:16:45:39 -0700] "GET / HTTP/1.1" 404 994
127.0.0.1 - - [07/May/2015:16:45:41 -0700] "GET /LinkedinServicesClient/sampleServiceProxy/Result.jsp HTTP/1.1" 200 118
127.0.0.1 - - [07/May/2015:16:45:41 -0700] "GET /LinkedinServicesClient/sampleServiceProxy/Method.jsp HTTP/1.1" 200 2118
127.0.0.1 - - [07/May/2015:16:45:41 -0700] "GET /LinkedinServicesClient/sampleServiceProxy/Input.jsp HTTP/1.1" 200 127
127.0.0.1 - - [07/May/2015:16:45:41 -0700] "GET /LinkedinServicesClient/sampleServiceProxy/TestClient.jsp HTTP/1.1" 200 586
0:0:0:0:0:0:0:1 - - [07/May/2015:16:45:42 -0700] "GET /LinkedinServicesClient/sampleServiceProxy/TestClient.jsp HTTP/1.1" 200 586
0:0:0:0:0:0:0:1 - - [07/May/2015:16:45:42 -0700] "GET /LinkedinServicesClient/sampleServiceProxy/Method.jsp HTTP/1.1" 200 2118
0:0:0:0:0:0:0:1 - - [07/May/2015:16:45:42 -0700] "GET /LinkedinServicesClient/sampleServiceProxy/Input.jsp HTTP/1.1" 200 127
0:0:0:0:0:0:0:1 - - [07/May/2015:16:45:42 -0700] "GET /LinkedinServicesClient/sampleServiceProxy/Result.jsp? HTTP/1.1" 200 118
0:0:0:0:0:0:0:1 - - [07/May/2015:16:45:49 -0700] "GET /LinkedinServicesClient/sampleServiceProxy/Input.jsp?method=178 HTTP/1.1" 200 587
127.0.0.1 - - [07/May/2015:16:46:05 -0700] "POST /LinkedinServices/services/Service HTTP/1.0" 200 385
0:0:0:0:0:0:0:1 - - [07/May/2015:16:46:05 -0700] "POST /LinkedinServicesClient/sampleServiceProxy/Result.jsp HTTP/1.1" 200 123
127.0.0.1 - - [07/May/2015:16:47:52 -0700] "GET / HTTP/1.1" 404 994
127.0.0.1 - - [07/May/2015:16:47:55 -0700] "GET /LinkedinServicesClient/sampleServiceProxy/Result.jsp HTTP/1.1" 200 118
127.0.0.1 - - [07/May/2015:16:47:55 -0700] "GET /LinkedinServicesClient/sampleServiceProxy/Method.jsp HTTP/1.1" 200 2118
127.0.0.1 - - [07/May/2015:16:47:55 -0700] "GET /LinkedinServicesClient/sampleServiceProxy/Input.jsp HTTP/1.1" 200 127
127.0.0.1 - - [07/May/2015:16:47:56 -0700] "GET /LinkedinServicesClient/sampleServiceProxy/TestClient.jsp HTTP/1.1" 200 586
0:0:0:0:0:0:0:1 - - [07/May/2015:16:47:56 -0700] "GET /LinkedinServicesClient/sampleServiceProxy/TestClient.jsp HTTP/1.1" 200 586
0:0:0:0:0:0:0:1 - - [07/May/2015:16:47:56 -0700] "GET /LinkedinServicesClient/sampleServiceProxy/Method.jsp HTTP/1.1" 200 2118
0:0:0:0:0:0:0:1 - - [07/May/2015:16:47:56 -0700] "GET /LinkedinServicesClient/sampleServiceProxy/Input.jsp HTTP/1.1" 200 127
0:0:0:0:0:0:0:1 - - [07/May/2015:16:47:56 -0700] "GET /LinkedinServicesClient/sampleServiceProxy/Result.jsp? HTTP/1.1" 200 118
0:0:0:0:0:0:0:1 - - [07/May/2015:16:48:00 -0700] "GET /LinkedinServicesClient/sampleServiceProxy/Input.jsp?method=178 HTTP/1.1" 200 587
127.0.0.1 - - [07/May/2015:16:48:10 -0700] "POST /LinkedinServices/services/Service HTTP/1.0" 500 585
0:0:0:0:0:0:0:1 - - [07/May/2015:16:48:10 -0700] "POST /LinkedinServicesClient/sampleServiceProxy/Result.jsp HTTP/1.1" 200 339
127.0.0.1 - - [07/May/2015:16:51:31 -0700] "GET / HTTP/1.1" 404 994
127.0.0.1 - - [07/May/2015:16:51:34 -0700] "GET /LinkedinServicesClient/sampleServiceProxy/Result.jsp HTTP/1.1" 200 118
127.0.0.1 - - [07/May/2015:16:51:34 -0700] "GET /LinkedinServicesClient/sampleServiceProxy/Method.jsp HTTP/1.1" 200 2118
127.0.0.1 - - [07/May/2015:16:51:34 -0700] "GET /LinkedinServicesClient/sampleServiceProxy/Input.jsp HTTP/1.1" 200 127
127.0.0.1 - - [07/May/2015:16:51:34 -0700] "GET /LinkedinServicesClient/sampleServiceProxy/TestClient.jsp HTTP/1.1" 200 586
0:0:0:0:0:0:0:1 - - [07/May/2015:16:51:35 -0700] "GET /LinkedinServicesClient/sampleServiceProxy/TestClient.jsp HTTP/1.1" 200 586
0:0:0:0:0:0:0:1 - - [07/May/2015:16:51:35 -0700] "GET /LinkedinServicesClient/sampleServiceProxy/Method.jsp HTTP/1.1" 200 2118
0:0:0:0:0:0:0:1 - - [07/May/2015:16:51:35 -0700] "GET /LinkedinServicesClient/sampleServiceProxy/Input.jsp HTTP/1.1" 200 127
0:0:0:0:0:0:0:1 - - [07/May/2015:16:51:35 -0700] "GET /LinkedinServicesClient/sampleServiceProxy/Result.jsp? HTTP/1.1" 200 118
0:0:0:0:0:0:0:1 - - [07/May/2015:16:51:48 -0700] "GET /LinkedinServicesClient/sampleServiceProxy/Input.jsp?method=178 HTTP/1.1" 200 587
127.0.0.1 - - [07/May/2015:16:51:57 -0700] "POST /LinkedinServices/services/Service HTTP/1.0" 500 585
0:0:0:0:0:0:0:1 - - [07/May/2015:16:51:57 -0700] "POST /LinkedinServicesClient/sampleServiceProxy/Result.jsp HTTP/1.1" 200 339
127.0.0.1 - - [07/May/2015:16:54:05 -0700] "GET / HTTP/1.1" 404 994
127.0.0.1 - - [07/May/2015:16:54:08 -0700] "GET /LinkedinServicesClient/sampleServiceProxy/Result.jsp HTTP/1.1" 200 118
127.0.0.1 - - [07/May/2015:16:54:08 -0700] "GET /LinkedinServicesClient/sampleServiceProxy/Method.jsp HTTP/1.1" 200 2118
127.0.0.1 - - [07/May/2015:16:54:08 -0700] "GET /LinkedinServicesClient/sampleServiceProxy/Input.jsp HTTP/1.1" 200 127
127.0.0.1 - - [07/May/2015:16:54:08 -0700] "GET /LinkedinServicesClient/sampleServiceProxy/TestClient.jsp HTTP/1.1" 200 586
0:0:0:0:0:0:0:1 - - [07/May/2015:16:54:09 -0700] "GET /LinkedinServicesClient/sampleServiceProxy/TestClient.jsp HTTP/1.1" 200 586
0:0:0:0:0:0:0:1 - - [07/May/2015:16:54:09 -0700] "GET /LinkedinServicesClient/sampleServiceProxy/Method.jsp HTTP/1.1" 200 2118
0:0:0:0:0:0:0:1 - - [07/May/2015:16:54:09 -0700] "GET /LinkedinServicesClient/sampleServiceProxy/Input.jsp HTTP/1.1" 200 127
0:0:0:0:0:0:0:1 - - [07/May/2015:16:54:09 -0700] "GET /LinkedinServicesClient/sampleServiceProxy/Result.jsp? HTTP/1.1" 200 118
0:0:0:0:0:0:0:1 - - [07/May/2015:16:54:38 -0700] "GET /LinkedinServicesClient/sampleServiceProxy/Input.jsp?method=178 HTTP/1.1" 200 587
127.0.0.1 - - [07/May/2015:16:54:48 -0700] "POST /LinkedinServices/services/Service HTTP/1.0" 500 585
0:0:0:0:0:0:0:1 - - [07/May/2015:16:54:48 -0700] "POST /LinkedinServicesClient/sampleServiceProxy/Result.jsp HTTP/1.1" 200 339
127.0.0.1 - - [07/May/2015:17:05:08 -0700] "GET / HTTP/1.1" 404 994
127.0.0.1 - - [07/May/2015:17:05:26 -0700] "GET / HTTP/1.1" 404 994
127.0.0.1 - - [07/May/2015:17:05:29 -0700] "GET /LinkedinServicesClient/sampleServiceProxy/Result.jsp HTTP/1.1" 200 118
127.0.0.1 - - [07/May/2015:17:05:29 -0700] "GET /LinkedinServicesClient/sampleServiceProxy/Method.jsp HTTP/1.1" 200 2201
127.0.0.1 - - [07/May/2015:17:05:29 -0700] "GET /LinkedinServicesClient/sampleServiceProxy/Input.jsp HTTP/1.1" 200 127
127.0.0.1 - - [07/May/2015:17:05:29 -0700] "GET /LinkedinServicesClient/sampleServiceProxy/TestClient.jsp HTTP/1.1" 200 586
0:0:0:0:0:0:0:1 - - [07/May/2015:17:05:29 -0700] "GET /LinkedinServicesClient/sampleServiceProxy/TestClient.jsp HTTP/1.1" 200 586
0:0:0:0:0:0:0:1 - - [07/May/2015:17:05:29 -0700] "GET /LinkedinServicesClient/sampleServiceProxy/Method.jsp HTTP/1.1" 200 2201
0:0:0:0:0:0:0:1 - - [07/May/2015:17:05:30 -0700] "GET /LinkedinServicesClient/sampleServiceProxy/Input.jsp HTTP/1.1" 200 127
0:0:0:0:0:0:0:1 - - [07/May/2015:17:05:30 -0700] "GET /LinkedinServicesClient/sampleServiceProxy/Result.jsp? HTTP/1.1" 200 118
0:0:0:0:0:0:0:1 - - [07/May/2015:17:05:38 -0700] "GET /LinkedinServicesClient/sampleServiceProxy/Input.jsp?method=178 HTTP/1.1" 200 444
127.0.0.1 - - [07/May/2015:17:05:44 -0700] "POST /LinkedinServices/services/Service HTTP/1.0" 200 390
0:0:0:0:0:0:0:1 - - [07/May/2015:17:05:44 -0700] "POST /LinkedinServicesClient/sampleServiceProxy/Result.jsp HTTP/1.1" 200 128
127.0.0.1 - - [07/May/2015:17:05:48 -0700] "POST /LinkedinServices/services/Service HTTP/1.0" 200 386
0:0:0:0:0:0:0:1 - - [07/May/2015:17:05:48 -0700] "POST /LinkedinServicesClient/sampleServiceProxy/Result.jsp HTTP/1.1" 200 124
0:0:0:0:0:0:0:1 - - [07/May/2015:17:06:06 -0700] "GET /LinkedinServicesClient/sampleServiceProxy/Input.jsp?method=183 HTTP/1.1" 200 579
127.0.0.1 - - [07/May/2015:17:07:12 -0700] "GET / HTTP/1.1" 404 994
0:0:0:0:0:0:0:1 - - [07/May/2015:17:07:13 -0700] "GET /LinkedinServicesClient/View/Login.jsp HTTP/1.1" 200 5102
127.0.0.1 - - [07/May/2015:17:07:45 -0700] "POST /LinkedinServices/services/Service HTTP/1.0" 200 353
127.0.0.1 - - [07/May/2015:17:07:45 -0700] "POST /LinkedinServices/services/Service HTTP/1.0" 200 366
0:0:0:0:0:0:0:1 - - [07/May/2015:17:07:45 -0700] "POST /LinkedinServicesClient/View/signin HTTP/1.1" 302 -
0:0:0:0:0:0:0:1 - - [07/May/2015:17:07:45 -0700] "GET /LinkedinServicesClient/View/createProfile.jsp HTTP/1.1" 200 2154
127.0.0.1 - - [07/May/2015:17:07:49 -0700] "POST /LinkedinServices/services/Service HTTP/1.0" 200 476
0:0:0:0:0:0:0:1 - - [07/May/2015:17:07:49 -0700] "POST /LinkedinServicesClient/View/searchUser HTTP/1.1" 200 1193
127.0.0.1 - - [07/May/2015:17:07:51 -0700] "POST /LinkedinServices/services/Service HTTP/1.0" 200 390
127.0.0.1 - - [07/May/2015:17:07:52 -0700] "POST /LinkedinServices/services/Service HTTP/1.0" 200 389
0:0:0:0:0:0:0:1 - - [07/May/2015:17:07:52 -0700] "POST /LinkedinServicesClient/View/sendInvitation HTTP/1.1" 200 -
127.0.0.1 - - [07/May/2015:17:22:43 -0700] "GET / HTTP/1.1" 404 994
0:0:0:0:0:0:0:1 - - [07/May/2015:17:22:43 -0700] "GET /LinkedinServicesClient/View/Login.jsp HTTP/1.1" 200 5102
0:0:0:0:0:0:0:1 - - [07/May/2015:17:22:54 -0700] "GET /LinkedinServicesClient/View/Login.jsp HTTP/1.1" 200 5102
127.0.0.1 - - [07/May/2015:17:23:27 -0700] "POST /LinkedinServices/services/Service HTTP/1.0" 200 354
127.0.0.1 - - [07/May/2015:17:23:28 -0700] "POST /LinkedinServices/services/Service HTTP/1.0" 200 362
0:0:0:0:0:0:0:1 - - [07/May/2015:17:23:28 -0700] "POST /LinkedinServicesClient/View/signin HTTP/1.1" 302 -
0:0:0:0:0:0:0:1 - - [07/May/2015:17:23:28 -0700] "GET /LinkedinServicesClient/View/Login.jsp HTTP/1.1" 200 5102
127.0.0.1 - - [07/May/2015:17:23:40 -0700] "POST /LinkedinServices/services/Service HTTP/1.0" 200 353
127.0.0.1 - - [07/May/2015:17:23:40 -0700] "POST /LinkedinServices/services/Service HTTP/1.0" 200 366
0:0:0:0:0:0:0:1 - - [07/May/2015:17:23:40 -0700] "POST /LinkedinServicesClient/View/signin HTTP/1.1" 302 -
0:0:0:0:0:0:0:1 - - [07/May/2015:17:23:40 -0700] "GET /LinkedinServicesClient/View/createProfile.jsp HTTP/1.1" 200 2154
127.0.0.1 - - [07/May/2015:17:23:46 -0700] "POST /LinkedinServices/services/Service HTTP/1.0" 200 476
0:0:0:0:0:0:0:1 - - [07/May/2015:17:23:46 -0700] "POST /LinkedinServicesClient/View/searchUser HTTP/1.1" 200 1193
0:0:0:0:0:0:0:1 - - [07/May/2015:17:23:51 -0700] "POST /LinkedinServicesClient/View/sendInvitation HTTP/1.1" 404 1078
127.0.0.1 - - [07/May/2015:17:25:28 -0700] "GET / HTTP/1.1" 404 994
0:0:0:0:0:0:0:1 - - [07/May/2015:17:25:29 -0700] "GET /LinkedinServicesClient/View/Login.jsp HTTP/1.1" 200 5102
0:0:0:0:0:0:0:1 - - [07/May/2015:17:25:38 -0700] "GET /LinkedinServicesClient/View/Login.jsp HTTP/1.1" 200 5102
127.0.0.1 - - [07/May/2015:17:25:55 -0700] "POST /LinkedinServices/services/Service HTTP/1.0" 200 353
127.0.0.1 - - [07/May/2015:17:25:55 -0700] "POST /LinkedinServices/services/Service HTTP/1.0" 200 366
0:0:0:0:0:0:0:1 - - [07/May/2015:17:25:55 -0700] "POST /LinkedinServicesClient/View/signin HTTP/1.1" 302 -
0:0:0:0:0:0:0:1 - - [07/May/2015:17:25:55 -0700] "GET /LinkedinServicesClient/View/createProfile.jsp HTTP/1.1" 200 2154
127.0.0.1 - - [07/May/2015:17:26:00 -0700] "POST /LinkedinServices/services/Service HTTP/1.0" 200 476
0:0:0:0:0:0:0:1 - - [07/May/2015:17:26:00 -0700] "POST /LinkedinServicesClient/View/searchUser HTTP/1.1" 200 1193
0:0:0:0:0:0:0:1 - - [07/May/2015:17:26:02 -0700] "POST /LinkedinServicesClient/View/sendInvitation HTTP/1.1" 404 1078
127.0.0.1 - - [07/May/2015:17:27:50 -0700] "GET / HTTP/1.1" 404 994
0:0:0:0:0:0:0:1 - - [07/May/2015:17:27:51 -0700] "GET /LinkedinServicesClient/WEB-INF/web.xml HTTP/1.1" 404 992
127.0.0.1 - - [07/May/2015:17:29:03 -0700] "GET / HTTP/1.1" 404 994
0:0:0:0:0:0:0:1 - - [07/May/2015:17:29:04 -0700] "GET /LinkedinServicesClient/View/Login.jsp HTTP/1.1" 200 5102
0:0:0:0:0:0:0:1 - - [07/May/2015:17:29:11 -0700] "GET /LinkedinServicesClient/View/Login.jsp HTTP/1.1" 200 5102
127.0.0.1 - - [07/May/2015:17:29:23 -0700] "POST /LinkedinServices/services/Service HTTP/1.0" 200 353
127.0.0.1 - - [07/May/2015:17:29:23 -0700] "POST /LinkedinServices/services/Service HTTP/1.0" 200 366
0:0:0:0:0:0:0:1 - - [07/May/2015:17:29:23 -0700] "POST /LinkedinServicesClient/View/signin HTTP/1.1" 302 -
0:0:0:0:0:0:0:1 - - [07/May/2015:17:29:23 -0700] "GET /LinkedinServicesClient/View/createProfile.jsp HTTP/1.1" 200 2154
127.0.0.1 - - [07/May/2015:17:29:34 -0700] "POST /LinkedinServices/services/Service HTTP/1.0" 200 476
0:0:0:0:0:0:0:1 - - [07/May/2015:17:29:34 -0700] "POST /LinkedinServicesClient/View/searchUser HTTP/1.1" 200 1193
0:0:0:0:0:0:0:1 - - [07/May/2015:17:29:36 -0700] "POST /LinkedinServicesClient/View/sendInvitation HTTP/1.1" 404 1078
127.0.0.1 - - [07/May/2015:17:37:43 -0700] "GET / HTTP/1.1" 404 994
0:0:0:0:0:0:0:1 - - [07/May/2015:17:37:47 -0700] "GET /LinkedinServicesClient/View/Login.jsp HTTP/1.1" 200 5102
0:0:0:0:0:0:0:1 - - [07/May/2015:17:38:03 -0700] "GET /LinkedinServicesClient/View/Login.jsp HTTP/1.1" 200 5102
127.0.0.1 - - [07/May/2015:17:38:19 -0700] "POST /LinkedinServices/services/Service HTTP/1.0" 200 353
127.0.0.1 - - [07/May/2015:17:38:19 -0700] "POST /LinkedinServices/services/Service HTTP/1.0" 200 366
0:0:0:0:0:0:0:1 - - [07/May/2015:17:38:19 -0700] "POST /LinkedinServicesClient/View/signin HTTP/1.1" 302 -
0:0:0:0:0:0:0:1 - - [07/May/2015:17:38:19 -0700] "GET /LinkedinServicesClient/View/createProfile.jsp HTTP/1.1" 200 2154
127.0.0.1 - - [07/May/2015:17:38:25 -0700] "POST /LinkedinServices/services/Service HTTP/1.0" 200 476
0:0:0:0:0:0:0:1 - - [07/May/2015:17:38:25 -0700] "POST /LinkedinServicesClient/View/searchUser HTTP/1.1" 200 1193
127.0.0.1 - - [07/May/2015:17:38:26 -0700] "POST /LinkedinServices/services/Service HTTP/1.0" 200 390
127.0.0.1 - - [07/May/2015:17:38:27 -0700] "POST /LinkedinServices/services/Service HTTP/1.0" 200 389
0:0:0:0:0:0:0:1 - - [07/May/2015:17:38:27 -0700] "POST /LinkedinServicesClient/View/sendInvitation HTTP/1.1" 200 -
127.0.0.1 - - [07/May/2015:17:41:09 -0700] "GET / HTTP/1.1" 404 994
0:0:0:0:0:0:0:1 - - [07/May/2015:17:41:10 -0700] "GET /LinkedinServicesClient/View/Login.jsp HTTP/1.1" 200 5102
0:0:0:0:0:0:0:1 - - [07/May/2015:17:41:19 -0700] "GET /LinkedinServicesClient/View/Login.jsp HTTP/1.1" 200 5102
127.0.0.1 - - [07/May/2015:17:41:33 -0700] "POST /LinkedinServices/services/Service HTTP/1.0" 200 353
127.0.0.1 - - [07/May/2015:17:41:33 -0700] "POST /LinkedinServices/services/Service HTTP/1.0" 200 366
0:0:0:0:0:0:0:1 - - [07/May/2015:17:41:33 -0700] "POST /LinkedinServicesClient/View/signin HTTP/1.1" 302 -
0:0:0:0:0:0:0:1 - - [07/May/2015:17:41:33 -0700] "GET /LinkedinServicesClient/View/createProfile.jsp HTTP/1.1" 200 2154
127.0.0.1 - - [07/May/2015:17:41:40 -0700] "POST /LinkedinServices/services/Service HTTP/1.0" 200 476
0:0:0:0:0:0:0:1 - - [07/May/2015:17:41:40 -0700] "POST /LinkedinServicesClient/View/searchUser HTTP/1.1" 200 1193
127.0.0.1 - - [07/May/2015:17:41:42 -0700] "POST /LinkedinServices/services/Service HTTP/1.0" 200 390
127.0.0.1 - - [07/May/2015:17:41:42 -0700] "POST /LinkedinServices/services/Service HTTP/1.0" 200 389
0:0:0:0:0:0:0:1 - - [07/May/2015:17:41:43 -0700] "POST /LinkedinServicesClient/View/sendInvitation HTTP/1.1" 200 284
127.0.0.1 - - [07/May/2015:18:07:41 -0700] "GET / HTTP/1.1" 404 994
0:0:0:0:0:0:0:1 - - [07/May/2015:18:07:41 -0700] "GET /LinkedinServicesClient/View/Login.jsp HTTP/1.1" 200 5102
127.0.0.1 - - [07/May/2015:18:07:53 -0700] "POST /LinkedinServices/services/Service HTTP/1.0" 200 353
127.0.0.1 - - [07/May/2015:18:07:53 -0700] "POST /LinkedinServices/services/Service HTTP/1.0" 200 366
0:0:0:0:0:0:0:1 - - [07/May/2015:18:07:53 -0700] "POST /LinkedinServicesClient/View/signin HTTP/1.1" 302 -
0:0:0:0:0:0:0:1 - - [07/May/2015:18:07:53 -0700] "GET /LinkedinServicesClient/View/createProfile.jsp HTTP/1.1" 200 2154
127.0.0.1 - - [07/May/2015:18:07:57 -0700] "POST /LinkedinServices/services/Service HTTP/1.0" 200 476
0:0:0:0:0:0:0:1 - - [07/May/2015:18:07:58 -0700] "POST /LinkedinServicesClient/View/searchUser HTTP/1.1" 200 1193
127.0.0.1 - - [07/May/2015:18:08:00 -0700] "POST /LinkedinServices/services/Service HTTP/1.0" 200 390
127.0.0.1 - - [07/May/2015:18:08:00 -0700] "POST /LinkedinServices/services/Service HTTP/1.0" 200 389
0:0:0:0:0:0:0:1 - - [07/May/2015:18:08:01 -0700] "POST /LinkedinServicesClient/View/sendInvitation HTTP/1.1" 200 309
127.0.0.1 - - [07/May/2015:18:14:00 -0700] "GET / HTTP/1.1" 404 994
0:0:0:0:0:0:0:1 - - [07/May/2015:18:14:01 -0700] "GET /LinkedinServicesClient/View/Login.jsp HTTP/1.1" 200 5102
0:0:0:0:0:0:0:1 - - [07/May/2015:18:14:10 -0700] "GET /LinkedinServicesClient/View/Login.jsp HTTP/1.1" 200 5102
127.0.0.1 - - [07/May/2015:18:14:22 -0700] "POST /LinkedinServices/services/Service HTTP/1.0" 200 353
127.0.0.1 - - [07/May/2015:18:14:23 -0700] "POST /LinkedinServices/services/Service HTTP/1.0" 200 366
0:0:0:0:0:0:0:1 - - [07/May/2015:18:14:23 -0700] "POST /LinkedinServicesClient/View/signin HTTP/1.1" 302 -
0:0:0:0:0:0:0:1 - - [07/May/2015:18:14:23 -0700] "GET /LinkedinServicesClient/View/createProfile.jsp HTTP/1.1" 200 2154
127.0.0.1 - - [07/May/2015:18:14:28 -0700] "POST /LinkedinServices/services/Service HTTP/1.0" 200 476
0:0:0:0:0:0:0:1 - - [07/May/2015:18:14:28 -0700] "POST /LinkedinServicesClient/View/searchUser HTTP/1.1" 200 1193
127.0.0.1 - - [07/May/2015:18:14:31 -0700] "POST /LinkedinServices/services/Service HTTP/1.0" 200 390
127.0.0.1 - - [07/May/2015:18:14:31 -0700] "POST /LinkedinServices/services/Service HTTP/1.0" 200 389
0:0:0:0:0:0:0:1 - - [07/May/2015:18:14:31 -0700] "POST /LinkedinServicesClient/View/sendInvitation HTTP/1.1" 200 309
127.0.0.1 - - [07/May/2015:18:14:58 -0700] "POST /LinkedinServices/services/Service HTTP/1.0" 200 390
127.0.0.1 - - [07/May/2015:18:14:58 -0700] "POST /LinkedinServices/services/Service HTTP/1.0" 200 389
0:0:0:0:0:0:0:1 - - [07/May/2015:18:14:58 -0700] "POST /LinkedinServicesClient/View/sendInvitation HTTP/1.1" 200 309
127.0.0.1 - - [07/May/2015:18:17:47 -0700] "GET / HTTP/1.1" 404 994
0:0:0:0:0:0:0:1 - - [07/May/2015:18:17:47 -0700] "GET /LinkedinServicesClient/View/Login.jsp HTTP/1.1" 200 5102
127.0.0.1 - - [07/May/2015:18:17:56 -0700] "POST /LinkedinServices/services/Service HTTP/1.0" 200 353
127.0.0.1 - - [07/May/2015:18:17:56 -0700] "POST /LinkedinServices/services/Service HTTP/1.0" 200 366
0:0:0:0:0:0:0:1 - - [07/May/2015:18:17:56 -0700] "POST /LinkedinServicesClient/View/signin HTTP/1.1" 302 -
0:0:0:0:0:0:0:1 - - [07/May/2015:18:17:56 -0700] "GET /LinkedinServicesClient/View/createProfile.jsp HTTP/1.1" 200 2154
127.0.0.1 - - [07/May/2015:18:18:16 -0700] "POST /LinkedinServices/services/Service HTTP/1.0" 200 476
0:0:0:0:0:0:0:1 - - [07/May/2015:18:18:16 -0700] "POST /LinkedinServicesClient/View/searchUser HTTP/1.1" 200 1193
127.0.0.1 - - [07/May/2015:18:18:22 -0700] "POST /LinkedinServices/services/Service HTTP/1.0" 200 390
127.0.0.1 - - [07/May/2015:18:18:22 -0700] "POST /LinkedinServices/services/Service HTTP/1.0" 200 389
0:0:0:0:0:0:0:1 - - [07/May/2015:18:18:22 -0700] "POST /LinkedinServicesClient/View/sendInvitation HTTP/1.1" 200 309
127.0.0.1 - - [07/May/2015:18:20:42 -0700] "POST /LinkedinServices/services/Service HTTP/1.0" 200 390
0:0:0:0:0:0:0:1 - - [07/May/2015:18:20:42 -0700] "POST /LinkedinServicesClient/View/sendInvitation HTTP/1.1" 200 -
127.0.0.1 - - [07/May/2015:18:21:32 -0700] "GET / HTTP/1.1" 404 994
0:0:0:0:0:0:0:1 - - [07/May/2015:18:21:33 -0700] "GET /LinkedinServicesClient/View/Login.jsp HTTP/1.1" 200 5102
127.0.0.1 - - [07/May/2015:18:21:47 -0700] "POST /LinkedinServices/services/Service HTTP/1.0" 200 353
127.0.0.1 - - [07/May/2015:18:21:47 -0700] "POST /LinkedinServices/services/Service HTTP/1.0" 200 366
0:0:0:0:0:0:0:1 - - [07/May/2015:18:21:47 -0700] "POST /LinkedinServicesClient/View/signin HTTP/1.1" 302 -
0:0:0:0:0:0:0:1 - - [07/May/2015:18:21:47 -0700] "GET /LinkedinServicesClient/View/createProfile.jsp HTTP/1.1" 200 2154
127.0.0.1 - - [07/May/2015:18:21:52 -0700] "POST /LinkedinServices/services/Service HTTP/1.0" 200 476
0:0:0:0:0:0:0:1 - - [07/May/2015:18:21:53 -0700] "POST /LinkedinServicesClient/View/searchUser HTTP/1.1" 200 1193
127.0.0.1 - - [07/May/2015:18:21:54 -0700] "POST /LinkedinServices/services/Service HTTP/1.0" 200 390
127.0.0.1 - - [07/May/2015:18:21:54 -0700] "POST /LinkedinServices/services/Service HTTP/1.0" 200 389
0:0:0:0:0:0:0:1 - - [07/May/2015:18:21:54 -0700] "POST /LinkedinServicesClient/View/sendInvitation HTTP/1.1" 200 309
127.0.0.1 - - [07/May/2015:19:33:18 -0700] "GET / HTTP/1.1" 404 994
0:0:0:0:0:0:0:1 - - [07/May/2015:19:33:18 -0700] "GET /LinkedinServicesClient/View/Login.jsp HTTP/1.1" 200 5102
127.0.0.1 - - [07/May/2015:19:33:28 -0700] "POST /LinkedinServices/services/Service HTTP/1.0" 200 353
127.0.0.1 - - [07/May/2015:19:33:29 -0700] "POST /LinkedinServices/services/Service HTTP/1.0" 200 366
0:0:0:0:0:0:0:1 - - [07/May/2015:19:33:29 -0700] "POST /LinkedinServicesClient/View/signin HTTP/1.1" 302 -
0:0:0:0:0:0:0:1 - - [07/May/2015:19:33:29 -0700] "GET /LinkedinServicesClient/View/createProfile.jsp HTTP/1.1" 200 2327
127.0.0.1 - - [07/May/2015:19:33:32 -0700] "POST /LinkedinServices/services/Service HTTP/1.0" 200 315
0:0:0:0:0:0:0:1 - - [07/May/2015:19:33:33 -0700] "POST /LinkedinServicesClient/View/showInvitations HTTP/1.1" 200 -
127.0.0.1 - - [07/May/2015:19:34:55 -0700] "GET / HTTP/1.1" 404 994
0:0:0:0:0:0:0:1 - - [07/May/2015:19:34:55 -0700] "GET /LinkedinServicesClient/View/Login.jsp HTTP/1.1" 200 5102
127.0.0.1 - - [07/May/2015:19:35:09 -0700] "POST /LinkedinServices/services/Service HTTP/1.0" 200 354
127.0.0.1 - - [07/May/2015:19:35:09 -0700] "POST /LinkedinServices/services/Service HTTP/1.0" 200 366
0:0:0:0:0:0:0:1 - - [07/May/2015:19:35:09 -0700] "POST /LinkedinServicesClient/View/signin HTTP/1.1" 302 -
0:0:0:0:0:0:0:1 - - [07/May/2015:19:35:09 -0700] "GET /LinkedinServicesClient/View/Login.jsp HTTP/1.1" 200 5102
127.0.0.1 - - [07/May/2015:19:38:46 -0700] "GET / HTTP/1.1" 404 994
0:0:0:0:0:0:0:1 - - [07/May/2015:19:38:47 -0700] "GET /LinkedinServicesClient/View/Login.jsp HTTP/1.1" 200 5102
0:0:0:0:0:0:0:1 - - [07/May/2015:19:38:59 -0700] "GET /LinkedinServicesClient/View/Login.jsp HTTP/1.1" 200 5102
127.0.0.1 - - [07/May/2015:19:39:31 -0700] "POST /LinkedinServices/services/Service HTTP/1.0" 200 354
127.0.0.1 - - [07/May/2015:19:39:31 -0700] "POST /LinkedinServices/services/Service HTTP/1.0" 200 366
0:0:0:0:0:0:0:1 - - [07/May/2015:19:39:32 -0700] "POST /LinkedinServicesClient/View/signin HTTP/1.1" 302 -
0:0:0:0:0:0:0:1 - - [07/May/2015:19:39:32 -0700] "GET /LinkedinServicesClient/View/Login.jsp HTTP/1.1" 200 5102
127.0.0.1 - - [07/May/2015:19:43:19 -0700] "GET / HTTP/1.1" 404 994
0:0:0:0:0:0:0:1 - - [07/May/2015:19:43:20 -0700] "GET /LinkedinServicesClient/View/Login.jsp HTTP/1.1" 200 5102
127.0.0.1 - - [07/May/2015:19:43:37 -0700] "POST /LinkedinServices/services/Service HTTP/1.0" 200 353
127.0.0.1 - - [07/May/2015:19:43:37 -0700] "POST /LinkedinServices/services/Service HTTP/1.0" 200 366
0:0:0:0:0:0:0:1 - - [07/May/2015:19:43:37 -0700] "POST /LinkedinServicesClient/View/signin HTTP/1.1" 302 -
0:0:0:0:0:0:0:1 - - [07/May/2015:19:43:37 -0700] "GET /LinkedinServicesClient/View/createProfile.jsp HTTP/1.1" 200 2327
127.0.0.1 - - [07/May/2015:19:44:01 -0700] "GET / HTTP/1.1" 404 994
0:0:0:0:0:0:0:1 - - [07/May/2015:19:44:02 -0700] "GET /LinkedinServicesClient/View/Login.jsp HTTP/1.1" 200 5102
127.0.0.1 - - [07/May/2015:19:44:12 -0700] "POST /LinkedinServices/services/Service HTTP/1.0" 200 354
127.0.0.1 - - [07/May/2015:19:44:12 -0700] "POST /LinkedinServices/services/Service HTTP/1.0" 200 366
0:0:0:0:0:0:0:1 - - [07/May/2015:19:44:12 -0700] "POST /LinkedinServicesClient/View/signin HTTP/1.1" 302 -
0:0:0:0:0:0:0:1 - - [07/May/2015:19:44:12 -0700] "GET /LinkedinServicesClient/View/Login.jsp HTTP/1.1" 200 5102
127.0.0.1 - - [07/May/2015:19:46:19 -0700] "GET / HTTP/1.1" 404 994
0:0:0:0:0:0:0:1 - - [07/May/2015:19:46:20 -0700] "GET /LinkedinServicesClient/View/Login.jsp HTTP/1.1" 200 5102
127.0.0.1 - - [07/May/2015:19:46:30 -0700] "POST /LinkedinServices/services/Service HTTP/1.0" 200 354
127.0.0.1 - - [07/May/2015:19:46:30 -0700] "POST /LinkedinServices/services/Service HTTP/1.0" 200 366
0:0:0:0:0:0:0:1 - - [07/May/2015:19:46:31 -0700] "POST /LinkedinServicesClient/View/signin HTTP/1.1" 302 -
0:0:0:0:0:0:0:1 - - [07/May/2015:19:46:31 -0700] "GET /LinkedinServicesClient/View/Login.jsp HTTP/1.1" 200 5102
